da empresa
Meu perfil
Faturamento
Minha equipe
Leads & Pipelines

SERVIÇOS EMPRESARIAIS

Calendários
Email Services
Sistema telefônico
WhatsApp

OUTRAS CONFIGURAÇÕES

Objetos
Campos personalizados
Valores personalizados
Importar dados
Gerenciar pontuação
Domínios e Redirecionamentos de URL
Rastreamento externo
Integrações
Integrações Privado
Tags
Laboratórios
Novo
Registros de auditoria
Brand Boards
Notificações
PS
Sistema de telefonia
Números de telefone
Pacotes Regulatórios
Mensagens
Voz
Central de confiança
Configurações adicionais

voz

Configure como suas chamadas funcionam - roteamento, gravação e muito mais

Gravação e transcrição de chamadas
Texto de retorno para correio de voz e chamadas perdidas
Scripts de chamada
Disposições personalizadas
Telefone de mesa VoIP (SIP)
Outras configurações
Gravação de chamada
Transcrição de chamada

Gravação de chamada

Mantenha um registro das chamadas de voz. As gravações de chamadas podem ser ativadas/desativadas nas Configurações de Número de Telefone

Excluir automaticamente gravações mais antigas?

Ative a exclusão automática para liberar espaço de armazenamento e reduzir custos removendo as gravações após um período determinado. Essa ação é permanente e não pode ser desfeita.
